--------------------------------------------------------------------------------
Release 14.2 Trace  (nt64)
Copyright (c) 1995-2012 Xilinx, Inc.  All rights reserved.

C:\Xilinx\14.2\ISE_DS\ISE\bin\nt64\unwrapped\trce.exe -intstyle ise -v 3 -s 4
-n 3 -fastpaths -xml FinalCode.twx FinalCode.ncd -o FinalCode.twr FinalCode.pcf

Design file:              FinalCode.ncd
Physical constraint file: FinalCode.pcf
Device,package,speed:     xc3s500e,fg320,-4 (PRODUCTION 1.27 2012-07-09)
Report level:             verbose report

Environment Variable      Effect 
--------------------      ------ 
NONE                      No environment variables were set
--------------------------------------------------------------------------------

INFO:Timing:2698 - No timing constraints found, doing default enumeration.
INFO:Timing:3412 - To improve timing, see the Timing Closure User Guide (UG612).
INFO:Timing:2752 - To get complete path coverage, use the unconstrained paths 
   option. All paths that are not constrained will be reported in the 
   unconstrained paths section(s) of the report.
INFO:Timing:3339 - The clock-to-out numbers in this timing report are based on 
   a 50 Ohm transmission line loading model.  For the details of this model, 
   and for more information on accounting for different loading conditions, 
   please see the device datasheet.
INFO:Timing:3390 - This architecture does not support a default System Jitter 
   value, please add SYSTEM_JITTER constraint to the UCF to modify the Clock 
   Uncertainty calculation.
INFO:Timing:3389 - This architecture does not support 'Discrete Jitter' and 
   'Phase Error' calculations, these terms will be zero in the Clock 
   Uncertainty calculation.  Please make appropriate modification to 
   SYSTEM_JITTER to account for the unsupported Discrete Jitter and Phase 
   Error.



Data Sheet report:
-----------------
All values displayed in nanoseconds (ns)

Setup/Hold to clock a<4>
------------+------------+------------+-------------------+--------+
            |Max Setup to|Max Hold to |                   | Clock  |
Source      | clk (edge) | clk (edge) |Internal Clock(s)  | Phase  |
------------+------------+------------+-------------------+--------+
a<0>        |    1.788(F)|    1.355(F)|x0/tempf_cmp_eq0000|   0.000|
a<1>        |    2.109(F)|    1.098(F)|x0/tempf_cmp_eq0000|   0.000|
a<2>        |    2.219(F)|    1.010(F)|x0/tempf_cmp_eq0000|   0.000|
a<3>        |    1.851(F)|    1.356(F)|x0/tempf_cmp_eq0000|   0.000|
b<0>        |    2.522(F)|    3.768(F)|x0/tempf_cmp_eq0000|   0.000|
b<1>        |    3.216(F)|    3.852(F)|x0/tempf_cmp_eq0000|   0.000|
b<2>        |    2.450(F)|    3.083(F)|x0/tempf_cmp_eq0000|   0.000|
b<3>        |    2.085(F)|    3.046(F)|x0/tempf_cmp_eq0000|   0.000|
------------+------------+------------+-------------------+--------+

Setup/Hold to clock a<5>
------------+------------+------------+-------------------+--------+
            |Max Setup to|Max Hold to |                   | Clock  |
Source      | clk (edge) | clk (edge) |Internal Clock(s)  | Phase  |
------------+------------+------------+-------------------+--------+
a<0>        |    3.252(F)|   -0.476(F)|x0/tempf_cmp_eq0000|   0.000|
a<1>        |    3.573(F)|   -0.733(F)|x0/tempf_cmp_eq0000|   0.000|
a<2>        |    3.683(F)|   -0.821(F)|x0/tempf_cmp_eq0000|   0.000|
a<3>        |    3.315(F)|   -0.475(F)|x0/tempf_cmp_eq0000|   0.000|
b<0>        |    3.986(F)|    1.937(F)|x0/tempf_cmp_eq0000|   0.000|
b<1>        |    4.680(F)|    2.021(F)|x0/tempf_cmp_eq0000|   0.000|
b<2>        |    3.914(F)|    1.252(F)|x0/tempf_cmp_eq0000|   0.000|
b<3>        |    3.549(F)|    1.215(F)|x0/tempf_cmp_eq0000|   0.000|
------------+------------+------------+-------------------+--------+

Setup/Hold to clock a<6>
------------+------------+------------+-------------------+--------+
            |Max Setup to|Max Hold to |                   | Clock  |
Source      | clk (edge) | clk (edge) |Internal Clock(s)  | Phase  |
------------+------------+------------+-------------------+--------+
a<0>        |    1.635(F)|    1.545(F)|x0/tempf_cmp_eq0000|   0.000|
a<1>        |    1.956(F)|    1.288(F)|x0/tempf_cmp_eq0000|   0.000|
a<2>        |    2.066(F)|    1.200(F)|x0/tempf_cmp_eq0000|   0.000|
a<3>        |    1.698(F)|    1.546(F)|x0/tempf_cmp_eq0000|   0.000|
b<0>        |    2.369(F)|    3.958(F)|x0/tempf_cmp_eq0000|   0.000|
b<1>        |    3.063(F)|    4.042(F)|x0/tempf_cmp_eq0000|   0.000|
b<2>        |    2.297(F)|    3.273(F)|x0/tempf_cmp_eq0000|   0.000|
b<3>        |    1.932(F)|    3.236(F)|x0/tempf_cmp_eq0000|   0.000|
------------+------------+------------+-------------------+--------+

Setup/Hold to clock b<4>
------------+------------+------------+-------------------+--------+
            |Max Setup to|Max Hold to |                   | Clock  |
Source      | clk (edge) | clk (edge) |Internal Clock(s)  | Phase  |
------------+------------+------------+-------------------+--------+
a<0>        |    1.846(F)|    1.425(F)|x0/tempf_cmp_eq0000|   0.000|
a<1>        |    2.167(F)|    1.168(F)|x0/tempf_cmp_eq0000|   0.000|
a<2>        |    2.277(F)|    1.080(F)|x0/tempf_cmp_eq0000|   0.000|
a<3>        |    1.909(F)|    1.426(F)|x0/tempf_cmp_eq0000|   0.000|
b<0>        |    2.580(F)|    3.838(F)|x0/tempf_cmp_eq0000|   0.000|
b<1>        |    3.274(F)|    3.922(F)|x0/tempf_cmp_eq0000|   0.000|
b<2>        |    2.508(F)|    3.153(F)|x0/tempf_cmp_eq0000|   0.000|
b<3>        |    2.143(F)|    3.116(F)|x0/tempf_cmp_eq0000|   0.000|
------------+------------+------------+-------------------+--------+

Setup/Hold to clock b<5>
------------+------------+------------+-------------------+--------+
            |Max Setup to|Max Hold to |                   | Clock  |
Source      | clk (edge) | clk (edge) |Internal Clock(s)  | Phase  |
------------+------------+------------+-------------------+--------+
a<0>        |    3.229(F)|   -0.387(F)|x0/tempf_cmp_eq0000|   0.000|
a<1>        |    3.550(F)|   -0.644(F)|x0/tempf_cmp_eq0000|   0.000|
a<2>        |    3.660(F)|   -0.732(F)|x0/tempf_cmp_eq0000|   0.000|
a<3>        |    3.292(F)|   -0.386(F)|x0/tempf_cmp_eq0000|   0.000|
b<0>        |    3.963(F)|    2.026(F)|x0/tempf_cmp_eq0000|   0.000|
b<1>        |    4.657(F)|    2.110(F)|x0/tempf_cmp_eq0000|   0.000|
b<2>        |    3.891(F)|    1.341(F)|x0/tempf_cmp_eq0000|   0.000|
b<3>        |    3.526(F)|    1.304(F)|x0/tempf_cmp_eq0000|   0.000|
------------+------------+------------+-------------------+--------+

Setup/Hold to clock b<6>
------------+------------+------------+-------------------+--------+
            |Max Setup to|Max Hold to |                   | Clock  |
Source      | clk (edge) | clk (edge) |Internal Clock(s)  | Phase  |
------------+------------+------------+-------------------+--------+
a<0>        |    2.476(F)|    1.749(F)|x0/tempf_cmp_eq0000|   0.000|
a<1>        |    2.797(F)|    1.492(F)|x0/tempf_cmp_eq0000|   0.000|
a<2>        |    2.907(F)|    1.404(F)|x0/tempf_cmp_eq0000|   0.000|
a<3>        |    2.539(F)|    1.750(F)|x0/tempf_cmp_eq0000|   0.000|
b<0>        |    3.210(F)|    4.162(F)|x0/tempf_cmp_eq0000|   0.000|
b<1>        |    3.904(F)|    4.246(F)|x0/tempf_cmp_eq0000|   0.000|
b<2>        |    3.138(F)|    3.477(F)|x0/tempf_cmp_eq0000|   0.000|
b<3>        |    2.773(F)|    3.440(F)|x0/tempf_cmp_eq0000|   0.000|
------------+------------+------------+-------------------+--------+

Setup/Hold to clock sel<0>
------------+------------+------------+-------------------+--------+
            |Max Setup to|Max Hold to |                   | Clock  |
Source      | clk (edge) | clk (edge) |Internal Clock(s)  | Phase  |
------------+------------+------------+-------------------+--------+
a<0>        |    1.359(F)|    2.826(F)|x0/tempf_cmp_eq0000|   0.000|
a<1>        |    1.680(F)|    2.569(F)|x0/tempf_cmp_eq0000|   0.000|
a<2>        |    1.790(F)|    2.481(F)|x0/tempf_cmp_eq0000|   0.000|
a<3>        |    1.422(F)|    2.827(F)|x0/tempf_cmp_eq0000|   0.000|
b<0>        |    2.093(F)|    5.239(F)|x0/tempf_cmp_eq0000|   0.000|
b<1>        |    2.787(F)|    5.323(F)|x0/tempf_cmp_eq0000|   0.000|
b<2>        |    2.021(F)|    4.554(F)|x0/tempf_cmp_eq0000|   0.000|
b<3>        |    1.656(F)|    4.517(F)|x0/tempf_cmp_eq0000|   0.000|
------------+------------+------------+-------------------+--------+

Setup/Hold to clock sel<1>
------------+------------+------------+-------------------+--------+
            |Max Setup to|Max Hold to |                   | Clock  |
Source      | clk (edge) | clk (edge) |Internal Clock(s)  | Phase  |
------------+------------+------------+-------------------+--------+
a<0>        |    1.248(F)|    3.843(F)|x0/tempf_cmp_eq0000|   0.000|
a<1>        |    1.569(F)|    3.586(F)|x0/tempf_cmp_eq0000|   0.000|
a<2>        |    1.679(F)|    3.498(F)|x0/tempf_cmp_eq0000|   0.000|
a<3>        |    1.311(F)|    3.844(F)|x0/tempf_cmp_eq0000|   0.000|
b<0>        |    1.982(F)|    6.256(F)|x0/tempf_cmp_eq0000|   0.000|
b<1>        |    2.676(F)|    6.340(F)|x0/tempf_cmp_eq0000|   0.000|
b<2>        |    1.910(F)|    5.571(F)|x0/tempf_cmp_eq0000|   0.000|
b<3>        |    1.545(F)|    5.534(F)|x0/tempf_cmp_eq0000|   0.000|
------------+------------+------------+-------------------+--------+

Setup/Hold to clock sel<2>
------------+------------+------------+-------------------+--------+
            |Max Setup to|Max Hold to |                   | Clock  |
Source      | clk (edge) | clk (edge) |Internal Clock(s)  | Phase  |
------------+------------+------------+-------------------+--------+
a<0>        |    0.811(F)|    4.212(F)|x0/tempf_cmp_eq0000|   0.000|
a<1>        |    1.132(F)|    3.955(F)|x0/tempf_cmp_eq0000|   0.000|
a<2>        |    1.242(F)|    3.867(F)|x0/tempf_cmp_eq0000|   0.000|
a<3>        |    0.874(F)|    4.213(F)|x0/tempf_cmp_eq0000|   0.000|
b<0>        |    1.545(F)|    6.625(F)|x0/tempf_cmp_eq0000|   0.000|
b<1>        |    2.239(F)|    6.709(F)|x0/tempf_cmp_eq0000|   0.000|
b<2>        |    1.473(F)|    5.940(F)|x0/tempf_cmp_eq0000|   0.000|
b<3>        |    1.108(F)|    5.903(F)|x0/tempf_cmp_eq0000|   0.000|
------------+------------+------------+-------------------+--------+

Setup/Hold to clock sel<3>
------------+------------+------------+-------------------+--------+
            |Max Setup to|Max Hold to |                   | Clock  |
Source      | clk (edge) | clk (edge) |Internal Clock(s)  | Phase  |
------------+------------+------------+-------------------+--------+
a<0>        |    1.245(F)|    3.587(F)|x0/tempf_cmp_eq0000|   0.000|
a<1>        |    1.566(F)|    3.330(F)|x0/tempf_cmp_eq0000|   0.000|
a<2>        |    1.676(F)|    3.242(F)|x0/tempf_cmp_eq0000|   0.000|
a<3>        |    1.308(F)|    3.588(F)|x0/tempf_cmp_eq0000|   0.000|
b<0>        |    1.979(F)|    6.000(F)|x0/tempf_cmp_eq0000|   0.000|
b<1>        |    2.673(F)|    6.084(F)|x0/tempf_cmp_eq0000|   0.000|
b<2>        |    1.907(F)|    5.315(F)|x0/tempf_cmp_eq0000|   0.000|
b<3>        |    1.542(F)|    5.278(F)|x0/tempf_cmp_eq0000|   0.000|
------------+------------+------------+-------------------+--------+

Clock a<4> to Pad
------------+------------+-------------------+--------+
            | clk (edge) |                   | Clock  |
Destination |   to PAD   |Internal Clock(s)  | Phase  |
------------+------------+-------------------+--------+
y<0>        |   32.224(F)|x0/tempe_cmp_lt0000|   0.000|
            |   24.191(F)|x0/tempf_cmp_eq0000|   0.000|
y<1>        |   31.907(F)|x0/tempe_cmp_lt0000|   0.000|
            |   23.874(F)|x0/tempf_cmp_eq0000|   0.000|
y<2>        |   32.339(F)|x0/tempe_cmp_lt0000|   0.000|
            |   24.306(F)|x0/tempf_cmp_eq0000|   0.000|
y<3>        |   32.577(F)|x0/tempe_cmp_lt0000|   0.000|
            |   24.544(F)|x0/tempf_cmp_eq0000|   0.000|
y<4>        |   32.818(F)|x0/tempe_cmp_lt0000|   0.000|
            |   24.785(F)|x0/tempf_cmp_eq0000|   0.000|
y<5>        |   32.863(F)|x0/tempe_cmp_lt0000|   0.000|
            |   24.830(F)|x0/tempf_cmp_eq0000|   0.000|
y<6>        |   35.690(F)|x0/tempe_cmp_lt0000|   0.000|
            |   27.657(F)|x0/tempf_cmp_eq0000|   0.000|
y<7>        |   27.493(F)|x0/tempe_cmp_lt0000|   0.000|
            |   19.460(F)|x0/tempf_cmp_eq0000|   0.000|
------------+------------+-------------------+--------+

Clock a<5> to Pad
------------+------------+-------------------+--------+
            | clk (edge) |                   | Clock  |
Destination |   to PAD   |Internal Clock(s)  | Phase  |
------------+------------+-------------------+--------+
y<0>        |   31.344(F)|x0/tempe_cmp_lt0000|   0.000|
            |   22.360(F)|x0/tempf_cmp_eq0000|   0.000|
y<1>        |   31.027(F)|x0/tempe_cmp_lt0000|   0.000|
            |   22.043(F)|x0/tempf_cmp_eq0000|   0.000|
y<2>        |   31.459(F)|x0/tempe_cmp_lt0000|   0.000|
            |   22.475(F)|x0/tempf_cmp_eq0000|   0.000|
y<3>        |   31.697(F)|x0/tempe_cmp_lt0000|   0.000|
            |   22.713(F)|x0/tempf_cmp_eq0000|   0.000|
y<4>        |   31.938(F)|x0/tempe_cmp_lt0000|   0.000|
            |   22.954(F)|x0/tempf_cmp_eq0000|   0.000|
y<5>        |   31.983(F)|x0/tempe_cmp_lt0000|   0.000|
            |   22.999(F)|x0/tempf_cmp_eq0000|   0.000|
y<6>        |   34.810(F)|x0/tempe_cmp_lt0000|   0.000|
            |   25.826(F)|x0/tempf_cmp_eq0000|   0.000|
y<7>        |   26.613(F)|x0/tempe_cmp_lt0000|   0.000|
            |   17.629(F)|x0/tempf_cmp_eq0000|   0.000|
------------+------------+-------------------+--------+

Clock a<6> to Pad
------------+------------+-------------------+--------+
            | clk (edge) |                   | Clock  |
Destination |   to PAD   |Internal Clock(s)  | Phase  |
------------+------------+-------------------+--------+
y<0>        |   30.905(F)|x0/tempe_cmp_lt0000|   0.000|
            |   24.381(F)|x0/tempf_cmp_eq0000|   0.000|
y<1>        |   30.588(F)|x0/tempe_cmp_lt0000|   0.000|
            |   24.064(F)|x0/tempf_cmp_eq0000|   0.000|
y<2>        |   31.020(F)|x0/tempe_cmp_lt0000|   0.000|
            |   24.496(F)|x0/tempf_cmp_eq0000|   0.000|
y<3>        |   31.258(F)|x0/tempe_cmp_lt0000|   0.000|
            |   24.734(F)|x0/tempf_cmp_eq0000|   0.000|
y<4>        |   31.499(F)|x0/tempe_cmp_lt0000|   0.000|
            |   24.975(F)|x0/tempf_cmp_eq0000|   0.000|
y<5>        |   31.544(F)|x0/tempe_cmp_lt0000|   0.000|
            |   25.020(F)|x0/tempf_cmp_eq0000|   0.000|
y<6>        |   34.371(F)|x0/tempe_cmp_lt0000|   0.000|
            |   27.847(F)|x0/tempf_cmp_eq0000|   0.000|
y<7>        |   26.174(F)|x0/tempe_cmp_lt0000|   0.000|
            |   19.650(F)|x0/tempf_cmp_eq0000|   0.000|
------------+------------+-------------------+--------+

Clock b<4> to Pad
------------+------------+-------------------+--------+
            | clk (edge) |                   | Clock  |
Destination |   to PAD   |Internal Clock(s)  | Phase  |
------------+------------+-------------------+--------+
y<0>        |   32.294(F)|x0/tempe_cmp_lt0000|   0.000|
            |   24.261(F)|x0/tempf_cmp_eq0000|   0.000|
y<1>        |   31.977(F)|x0/tempe_cmp_lt0000|   0.000|
            |   23.944(F)|x0/tempf_cmp_eq0000|   0.000|
y<2>        |   32.409(F)|x0/tempe_cmp_lt0000|   0.000|
            |   24.376(F)|x0/tempf_cmp_eq0000|   0.000|
y<3>        |   32.647(F)|x0/tempe_cmp_lt0000|   0.000|
            |   24.614(F)|x0/tempf_cmp_eq0000|   0.000|
y<4>        |   32.888(F)|x0/tempe_cmp_lt0000|   0.000|
            |   24.855(F)|x0/tempf_cmp_eq0000|   0.000|
y<5>        |   32.933(F)|x0/tempe_cmp_lt0000|   0.000|
            |   24.900(F)|x0/tempf_cmp_eq0000|   0.000|
y<6>        |   35.760(F)|x0/tempe_cmp_lt0000|   0.000|
            |   27.727(F)|x0/tempf_cmp_eq0000|   0.000|
y<7>        |   27.563(F)|x0/tempe_cmp_lt0000|   0.000|
            |   19.530(F)|x0/tempf_cmp_eq0000|   0.000|
------------+------------+-------------------+--------+

Clock b<5> to Pad
------------+------------+-------------------+--------+
            | clk (edge) |                   | Clock  |
Destination |   to PAD   |Internal Clock(s)  | Phase  |
------------+------------+-------------------+--------+
y<0>        |   31.433(F)|x0/tempe_cmp_lt0000|   0.000|
            |   22.449(F)|x0/tempf_cmp_eq0000|   0.000|
y<1>        |   31.116(F)|x0/tempe_cmp_lt0000|   0.000|
            |   22.132(F)|x0/tempf_cmp_eq0000|   0.000|
y<2>        |   31.548(F)|x0/tempe_cmp_lt0000|   0.000|
            |   22.564(F)|x0/tempf_cmp_eq0000|   0.000|
y<3>        |   31.786(F)|x0/tempe_cmp_lt0000|   0.000|
            |   22.802(F)|x0/tempf_cmp_eq0000|   0.000|
y<4>        |   32.027(F)|x0/tempe_cmp_lt0000|   0.000|
            |   23.043(F)|x0/tempf_cmp_eq0000|   0.000|
y<5>        |   32.072(F)|x0/tempe_cmp_lt0000|   0.000|
            |   23.088(F)|x0/tempf_cmp_eq0000|   0.000|
y<6>        |   34.899(F)|x0/tempe_cmp_lt0000|   0.000|
            |   25.915(F)|x0/tempf_cmp_eq0000|   0.000|
y<7>        |   26.702(F)|x0/tempe_cmp_lt0000|   0.000|
            |   17.718(F)|x0/tempf_cmp_eq0000|   0.000|
------------+------------+-------------------+--------+

Clock b<6> to Pad
------------+------------+-------------------+--------+
            | clk (edge) |                   | Clock  |
Destination |   to PAD   |Internal Clock(s)  | Phase  |
------------+------------+-------------------+--------+
y<0>        |   31.109(F)|x0/tempe_cmp_lt0000|   0.000|
            |   24.585(F)|x0/tempf_cmp_eq0000|   0.000|
y<1>        |   30.792(F)|x0/tempe_cmp_lt0000|   0.000|
            |   24.268(F)|x0/tempf_cmp_eq0000|   0.000|
y<2>        |   31.224(F)|x0/tempe_cmp_lt0000|   0.000|
            |   24.700(F)|x0/tempf_cmp_eq0000|   0.000|
y<3>        |   31.462(F)|x0/tempe_cmp_lt0000|   0.000|
            |   24.938(F)|x0/tempf_cmp_eq0000|   0.000|
y<4>        |   31.703(F)|x0/tempe_cmp_lt0000|   0.000|
            |   25.179(F)|x0/tempf_cmp_eq0000|   0.000|
y<5>        |   31.748(F)|x0/tempe_cmp_lt0000|   0.000|
            |   25.224(F)|x0/tempf_cmp_eq0000|   0.000|
y<6>        |   34.575(F)|x0/tempe_cmp_lt0000|   0.000|
            |   28.051(F)|x0/tempf_cmp_eq0000|   0.000|
y<7>        |   26.378(F)|x0/tempe_cmp_lt0000|   0.000|
            |   19.854(F)|x0/tempf_cmp_eq0000|   0.000|
------------+------------+-------------------+--------+

Clock sel<0> to Pad
------------+------------+-------------------+--------+
            | clk (edge) |                   | Clock  |
Destination |   to PAD   |Internal Clock(s)  | Phase  |
------------+------------+-------------------+--------+
y<0>        |   33.668(F)|x0/tempe_cmp_lt0000|   0.000|
            |   25.662(F)|x0/tempf_cmp_eq0000|   0.000|
y<1>        |   33.351(F)|x0/tempe_cmp_lt0000|   0.000|
            |   25.345(F)|x0/tempf_cmp_eq0000|   0.000|
y<2>        |   33.783(F)|x0/tempe_cmp_lt0000|   0.000|
            |   25.777(F)|x0/tempf_cmp_eq0000|   0.000|
y<3>        |   34.021(F)|x0/tempe_cmp_lt0000|   0.000|
            |   26.015(F)|x0/tempf_cmp_eq0000|   0.000|
y<4>        |   34.262(F)|x0/tempe_cmp_lt0000|   0.000|
            |   26.256(F)|x0/tempf_cmp_eq0000|   0.000|
y<5>        |   34.307(F)|x0/tempe_cmp_lt0000|   0.000|
            |   26.301(F)|x0/tempf_cmp_eq0000|   0.000|
y<6>        |   37.134(F)|x0/tempe_cmp_lt0000|   0.000|
            |   29.128(F)|x0/tempf_cmp_eq0000|   0.000|
y<7>        |   28.937(F)|x0/tempe_cmp_lt0000|   0.000|
            |   20.931(F)|x0/tempf_cmp_eq0000|   0.000|
------------+------------+-------------------+--------+

Clock sel<1> to Pad
------------+------------+-------------------+--------+
            | clk (edge) |                   | Clock  |
Destination |   to PAD   |Internal Clock(s)  | Phase  |
------------+------------+-------------------+--------+
y<0>        |   34.110(F)|x0/tempe_cmp_lt0000|   0.000|
            |   26.679(F)|x0/tempf_cmp_eq0000|   0.000|
y<1>        |   33.793(F)|x0/tempe_cmp_lt0000|   0.000|
            |   26.362(F)|x0/tempf_cmp_eq0000|   0.000|
y<2>        |   34.225(F)|x0/tempe_cmp_lt0000|   0.000|
            |   26.794(F)|x0/tempf_cmp_eq0000|   0.000|
y<3>        |   34.463(F)|x0/tempe_cmp_lt0000|   0.000|
            |   27.032(F)|x0/tempf_cmp_eq0000|   0.000|
y<4>        |   34.704(F)|x0/tempe_cmp_lt0000|   0.000|
            |   27.273(F)|x0/tempf_cmp_eq0000|   0.000|
y<5>        |   34.749(F)|x0/tempe_cmp_lt0000|   0.000|
            |   27.318(F)|x0/tempf_cmp_eq0000|   0.000|
y<6>        |   37.576(F)|x0/tempe_cmp_lt0000|   0.000|
            |   30.145(F)|x0/tempf_cmp_eq0000|   0.000|
y<7>        |   29.379(F)|x0/tempe_cmp_lt0000|   0.000|
            |   21.948(F)|x0/tempf_cmp_eq0000|   0.000|
------------+------------+-------------------+--------+

Clock sel<2> to Pad
------------+------------+-------------------+--------+
            | clk (edge) |                   | Clock  |
Destination |   to PAD   |Internal Clock(s)  | Phase  |
------------+------------+-------------------+--------+
y<0>        |   34.479(F)|x0/tempe_cmp_lt0000|   0.000|
            |   27.048(F)|x0/tempf_cmp_eq0000|   0.000|
y<1>        |   34.162(F)|x0/tempe_cmp_lt0000|   0.000|
            |   26.731(F)|x0/tempf_cmp_eq0000|   0.000|
y<2>        |   34.594(F)|x0/tempe_cmp_lt0000|   0.000|
            |   27.163(F)|x0/tempf_cmp_eq0000|   0.000|
y<3>        |   34.832(F)|x0/tempe_cmp_lt0000|   0.000|
            |   27.401(F)|x0/tempf_cmp_eq0000|   0.000|
y<4>        |   35.073(F)|x0/tempe_cmp_lt0000|   0.000|
            |   27.642(F)|x0/tempf_cmp_eq0000|   0.000|
y<5>        |   35.118(F)|x0/tempe_cmp_lt0000|   0.000|
            |   27.687(F)|x0/tempf_cmp_eq0000|   0.000|
y<6>        |   37.945(F)|x0/tempe_cmp_lt0000|   0.000|
            |   30.514(F)|x0/tempf_cmp_eq0000|   0.000|
y<7>        |   29.748(F)|x0/tempe_cmp_lt0000|   0.000|
            |   22.317(F)|x0/tempf_cmp_eq0000|   0.000|
------------+------------+-------------------+--------+

Clock sel<3> to Pad
------------+------------+-------------------+--------+
            | clk (edge) |                   | Clock  |
Destination |   to PAD   |Internal Clock(s)  | Phase  |
------------+------------+-------------------+--------+
y<0>        |   34.087(F)|x0/tempe_cmp_lt0000|   0.000|
            |   26.423(F)|x0/tempf_cmp_eq0000|   0.000|
y<1>        |   33.770(F)|x0/tempe_cmp_lt0000|   0.000|
            |   26.106(F)|x0/tempf_cmp_eq0000|   0.000|
y<2>        |   34.202(F)|x0/tempe_cmp_lt0000|   0.000|
            |   26.538(F)|x0/tempf_cmp_eq0000|   0.000|
y<3>        |   34.440(F)|x0/tempe_cmp_lt0000|   0.000|
            |   26.776(F)|x0/tempf_cmp_eq0000|   0.000|
y<4>        |   34.681(F)|x0/tempe_cmp_lt0000|   0.000|
            |   27.017(F)|x0/tempf_cmp_eq0000|   0.000|
y<5>        |   34.726(F)|x0/tempe_cmp_lt0000|   0.000|
            |   27.062(F)|x0/tempf_cmp_eq0000|   0.000|
y<6>        |   37.553(F)|x0/tempe_cmp_lt0000|   0.000|
            |   29.889(F)|x0/tempf_cmp_eq0000|   0.000|
y<7>        |   29.356(F)|x0/tempe_cmp_lt0000|   0.000|
            |   21.692(F)|x0/tempf_cmp_eq0000|   0.000|
------------+------------+-------------------+--------+

Clock to Setup on destination clock a<4>
---------------+---------+---------+---------+---------+
               | Src:Rise| Src:Fall| Src:Rise| Src:Fall|
Source Clock   |Dest:Rise|Dest:Rise|Dest:Fall|Dest:Fall|
---------------+---------+---------+---------+---------+
a<4>           |         |         |    7.858|   12.918|
a<5>           |         |         |    6.978|   12.918|
a<6>           |         |         |    8.043|   12.918|
b<4>           |         |         |    7.928|   12.918|
b<5>           |         |         |    7.067|   12.918|
b<6>           |         |         |    8.247|   12.918|
sel<0>         |         |         |    9.324|   12.918|
sel<1>         |         |         |   10.341|   12.918|
sel<2>         |         |         |   10.710|   12.918|
sel<3>         |         |         |   10.085|   12.918|
---------------+---------+---------+---------+---------+

Clock to Setup on destination clock a<5>
---------------+---------+---------+---------+---------+
               | Src:Rise| Src:Fall| Src:Rise| Src:Fall|
Source Clock   |Dest:Rise|Dest:Rise|Dest:Fall|Dest:Fall|
---------------+---------+---------+---------+---------+
a<4>           |         |         |    9.322|   12.918|
a<5>           |         |         |    8.442|   12.918|
a<6>           |         |         |    9.507|   12.918|
b<4>           |         |         |    9.392|   12.918|
b<5>           |         |         |    8.531|   12.918|
b<6>           |         |         |    9.711|   12.918|
sel<0>         |         |         |   10.788|   12.918|
sel<1>         |         |         |   11.805|   12.918|
sel<2>         |         |         |   12.174|   12.918|
sel<3>         |         |         |   11.549|   12.918|
---------------+---------+---------+---------+---------+

Clock to Setup on destination clock a<6>
---------------+---------+---------+---------+---------+
               | Src:Rise| Src:Fall| Src:Rise| Src:Fall|
Source Clock   |Dest:Rise|Dest:Rise|Dest:Fall|Dest:Fall|
---------------+---------+---------+---------+---------+
a<4>           |         |         |    7.705|   12.918|
a<5>           |         |         |    6.825|   12.918|
a<6>           |         |         |    7.890|   12.918|
b<4>           |         |         |    7.775|   12.918|
b<5>           |         |         |    6.914|   12.918|
b<6>           |         |         |    8.094|   12.918|
sel<0>         |         |         |    9.171|   12.918|
sel<1>         |         |         |   10.188|   12.918|
sel<2>         |         |         |   10.557|   12.918|
sel<3>         |         |         |    9.932|   12.918|
---------------+---------+---------+---------+---------+

Clock to Setup on destination clock b<4>
---------------+---------+---------+---------+---------+
               | Src:Rise| Src:Fall| Src:Rise| Src:Fall|
Source Clock   |Dest:Rise|Dest:Rise|Dest:Fall|Dest:Fall|
---------------+---------+---------+---------+---------+
a<4>           |         |         |    7.916|   12.918|
a<5>           |         |         |    7.036|   12.918|
a<6>           |         |         |    8.101|   12.918|
b<4>           |         |         |    7.986|   12.918|
b<5>           |         |         |    7.125|   12.918|
b<6>           |         |         |    8.305|   12.918|
sel<0>         |         |         |    9.382|   12.918|
sel<1>         |         |         |   10.399|   12.918|
sel<2>         |         |         |   10.768|   12.918|
sel<3>         |         |         |   10.143|   12.918|
---------------+---------+---------+---------+---------+

Clock to Setup on destination clock b<5>
---------------+---------+---------+---------+---------+
               | Src:Rise| Src:Fall| Src:Rise| Src:Fall|
Source Clock   |Dest:Rise|Dest:Rise|Dest:Fall|Dest:Fall|
---------------+---------+---------+---------+---------+
a<4>           |         |         |    9.299|   12.918|
a<5>           |         |         |    8.419|   12.918|
a<6>           |         |         |    9.484|   12.918|
b<4>           |         |         |    9.369|   12.918|
b<5>           |         |         |    8.508|   12.918|
b<6>           |         |         |    9.688|   12.918|
sel<0>         |         |         |   10.765|   12.918|
sel<1>         |         |         |   11.782|   12.918|
sel<2>         |         |         |   12.151|   12.918|
sel<3>         |         |         |   11.526|   12.918|
---------------+---------+---------+---------+---------+

Clock to Setup on destination clock b<6>
---------------+---------+---------+---------+---------+
               | Src:Rise| Src:Fall| Src:Rise| Src:Fall|
Source Clock   |Dest:Rise|Dest:Rise|Dest:Fall|Dest:Fall|
---------------+---------+---------+---------+---------+
a<4>           |         |         |    8.546|   12.918|
a<5>           |         |         |    7.666|   12.918|
a<6>           |         |         |    8.731|   12.918|
b<4>           |         |         |    8.616|   12.918|
b<5>           |         |         |    7.755|   12.918|
b<6>           |         |         |    8.935|   12.918|
sel<0>         |         |         |   10.012|   12.918|
sel<1>         |         |         |   11.029|   12.918|
sel<2>         |         |         |   11.398|   12.918|
sel<3>         |         |         |   10.773|   12.918|
---------------+---------+---------+---------+---------+

Clock to Setup on destination clock sel<0>
---------------+---------+---------+---------+---------+
               | Src:Rise| Src:Fall| Src:Rise| Src:Fall|
Source Clock   |Dest:Rise|Dest:Rise|Dest:Fall|Dest:Fall|
---------------+---------+---------+---------+---------+
a<4>           |         |         |    7.429|   12.918|
a<5>           |         |         |    6.549|   12.918|
a<6>           |         |         |    7.614|   12.918|
b<4>           |         |         |    7.499|   12.918|
b<5>           |         |         |    6.638|   12.918|
b<6>           |         |         |    7.818|   12.918|
sel<0>         |         |         |    8.895|   12.918|
sel<1>         |         |         |    9.912|   12.918|
sel<2>         |         |         |   10.281|   12.918|
sel<3>         |         |         |    9.656|   12.918|
---------------+---------+---------+---------+---------+

Clock to Setup on destination clock sel<1>
---------------+---------+---------+---------+---------+
               | Src:Rise| Src:Fall| Src:Rise| Src:Fall|
Source Clock   |Dest:Rise|Dest:Rise|Dest:Fall|Dest:Fall|
---------------+---------+---------+---------+---------+
a<4>           |         |         |    7.318|   12.918|
a<5>           |         |         |    6.438|   12.918|
a<6>           |         |         |    7.503|   12.918|
b<4>           |         |         |    7.388|   12.918|
b<5>           |         |         |    6.527|   12.918|
b<6>           |         |         |    7.707|   12.918|
sel<0>         |         |         |    8.784|   12.918|
sel<1>         |         |         |    9.801|   12.918|
sel<2>         |         |         |   10.170|   12.918|
sel<3>         |         |         |    9.545|   12.918|
---------------+---------+---------+---------+---------+

Clock to Setup on destination clock sel<2>
---------------+---------+---------+---------+---------+
               | Src:Rise| Src:Fall| Src:Rise| Src:Fall|
Source Clock   |Dest:Rise|Dest:Rise|Dest:Fall|Dest:Fall|
---------------+---------+---------+---------+---------+
a<4>           |         |         |    6.881|   12.918|
a<5>           |         |         |    6.001|   12.918|
a<6>           |         |         |    7.066|   12.918|
b<4>           |         |         |    6.951|   12.918|
b<5>           |         |         |    6.090|   12.918|
b<6>           |         |         |    7.270|   12.918|
sel<0>         |         |         |    8.347|   12.918|
sel<1>         |         |         |    9.364|   12.918|
sel<2>         |         |         |    9.733|   12.918|
sel<3>         |         |         |    9.108|   12.918|
---------------+---------+---------+---------+---------+

Clock to Setup on destination clock sel<3>
---------------+---------+---------+---------+---------+
               | Src:Rise| Src:Fall| Src:Rise| Src:Fall|
Source Clock   |Dest:Rise|Dest:Rise|Dest:Fall|Dest:Fall|
---------------+---------+---------+---------+---------+
a<4>           |         |         |    7.315|   12.918|
a<5>           |         |         |    6.435|   12.918|
a<6>           |         |         |    7.500|   12.918|
b<4>           |         |         |    7.385|   12.918|
b<5>           |         |         |    6.524|   12.918|
b<6>           |         |         |    7.704|   12.918|
sel<0>         |         |         |    8.781|   12.918|
sel<1>         |         |         |    9.798|   12.918|
sel<2>         |         |         |   10.167|   12.918|
sel<3>         |         |         |    9.542|   12.918|
---------------+---------+---------+---------+---------+

Pad to Pad
---------------+---------------+---------+
Source Pad     |Destination Pad|  Delay  |
---------------+---------------+---------+
a<0>           |y<0>           |   19.236|
a<0>           |y<1>           |   18.919|
a<0>           |y<2>           |   19.351|
a<0>           |y<3>           |   19.589|
a<0>           |y<4>           |   19.830|
a<0>           |y<5>           |   19.875|
a<0>           |y<6>           |   22.702|
a<0>           |y<7>           |   14.505|
a<1>           |y<0>           |   19.557|
a<1>           |y<1>           |   19.240|
a<1>           |y<2>           |   19.672|
a<1>           |y<3>           |   19.910|
a<1>           |y<4>           |   20.151|
a<1>           |y<5>           |   20.196|
a<1>           |y<6>           |   23.023|
a<1>           |y<7>           |   14.826|
a<2>           |y<0>           |   19.667|
a<2>           |y<1>           |   19.350|
a<2>           |y<2>           |   19.782|
a<2>           |y<3>           |   20.020|
a<2>           |y<4>           |   20.261|
a<2>           |y<5>           |   20.306|
a<2>           |y<6>           |   23.133|
a<2>           |y<7>           |   14.936|
a<3>           |y<0>           |   19.299|
a<3>           |y<1>           |   18.982|
a<3>           |y<2>           |   19.414|
a<3>           |y<3>           |   19.652|
a<3>           |y<4>           |   19.893|
a<3>           |y<5>           |   19.938|
a<3>           |y<6>           |   22.765|
a<3>           |y<7>           |   14.568|
a<4>           |y<0>           |   25.057|
a<4>           |y<1>           |   24.740|
a<4>           |y<2>           |   25.172|
a<4>           |y<3>           |   25.410|
a<4>           |y<4>           |   25.651|
a<4>           |y<5>           |   25.696|
a<4>           |y<6>           |   28.523|
a<4>           |y<7>           |   20.326|
a<5>           |y<0>           |   23.721|
a<5>           |y<1>           |   23.404|
a<5>           |y<2>           |   23.836|
a<5>           |y<3>           |   24.074|
a<5>           |y<4>           |   24.315|
a<5>           |y<5>           |   24.360|
a<5>           |y<6>           |   27.187|
a<5>           |y<7>           |   18.990|
a<6>           |y<0>           |   25.247|
a<6>           |y<1>           |   24.930|
a<6>           |y<2>           |   25.362|
a<6>           |y<3>           |   25.600|
a<6>           |y<4>           |   25.841|
a<6>           |y<5>           |   25.886|
a<6>           |y<6>           |   28.713|
a<6>           |y<7>           |   20.516|
a<7>           |y<0>           |   13.492|
a<7>           |y<1>           |   13.175|
a<7>           |y<2>           |   13.607|
a<7>           |y<3>           |   13.845|
a<7>           |y<4>           |   14.086|
a<7>           |y<5>           |   14.131|
a<7>           |y<6>           |   16.958|
a<7>           |y<7>           |    8.761|
b<0>           |y<0>           |   19.970|
b<0>           |y<1>           |   19.653|
b<0>           |y<2>           |   20.085|
b<0>           |y<3>           |   20.323|
b<0>           |y<4>           |   20.564|
b<0>           |y<5>           |   20.609|
b<0>           |y<6>           |   23.436|
b<0>           |y<7>           |   15.239|
b<1>           |y<0>           |   20.664|
b<1>           |y<1>           |   20.347|
b<1>           |y<2>           |   20.779|
b<1>           |y<3>           |   21.017|
b<1>           |y<4>           |   21.258|
b<1>           |y<5>           |   21.303|
b<1>           |y<6>           |   24.130|
b<1>           |y<7>           |   15.933|
b<2>           |y<0>           |   19.898|
b<2>           |y<1>           |   19.581|
b<2>           |y<2>           |   20.013|
b<2>           |y<3>           |   20.251|
b<2>           |y<4>           |   20.492|
b<2>           |y<5>           |   20.537|
b<2>           |y<6>           |   23.364|
b<2>           |y<7>           |   15.167|
b<3>           |y<0>           |   19.533|
b<3>           |y<1>           |   19.216|
b<3>           |y<2>           |   19.648|
b<3>           |y<3>           |   19.886|
b<3>           |y<4>           |   20.127|
b<3>           |y<5>           |   20.172|
b<3>           |y<6>           |   22.999|
b<3>           |y<7>           |   14.802|
b<4>           |y<0>           |   25.127|
b<4>           |y<1>           |   24.810|
b<4>           |y<2>           |   25.242|
b<4>           |y<3>           |   25.480|
b<4>           |y<4>           |   25.721|
b<4>           |y<5>           |   25.766|
b<4>           |y<6>           |   28.593|
b<4>           |y<7>           |   20.396|
b<5>           |y<0>           |   23.810|
b<5>           |y<1>           |   23.493|
b<5>           |y<2>           |   23.925|
b<5>           |y<3>           |   24.163|
b<5>           |y<4>           |   24.404|
b<5>           |y<5>           |   24.449|
b<5>           |y<6>           |   27.276|
b<5>           |y<7>           |   19.079|
b<6>           |y<0>           |   25.451|
b<6>           |y<1>           |   25.134|
b<6>           |y<2>           |   25.566|
b<6>           |y<3>           |   25.804|
b<6>           |y<4>           |   26.045|
b<6>           |y<5>           |   26.090|
b<6>           |y<6>           |   28.917|
b<6>           |y<7>           |   20.720|
b<7>           |y<0>           |   14.229|
b<7>           |y<1>           |   13.912|
b<7>           |y<2>           |   14.344|
b<7>           |y<3>           |   14.582|
b<7>           |y<4>           |   14.823|
b<7>           |y<5>           |   14.868|
b<7>           |y<6>           |   17.695|
b<7>           |y<7>           |    9.000|
sel<0>         |y<0>           |   26.528|
sel<0>         |y<1>           |   26.211|
sel<0>         |y<2>           |   26.643|
sel<0>         |y<3>           |   26.881|
sel<0>         |y<4>           |   27.122|
sel<0>         |y<5>           |   27.167|
sel<0>         |y<6>           |   29.994|
sel<0>         |y<7>           |   21.797|
sel<1>         |y<0>           |   27.545|
sel<1>         |y<1>           |   27.228|
sel<1>         |y<2>           |   27.660|
sel<1>         |y<3>           |   27.898|
sel<1>         |y<4>           |   28.139|
sel<1>         |y<5>           |   28.184|
sel<1>         |y<6>           |   31.011|
sel<1>         |y<7>           |   22.814|
sel<2>         |y<0>           |   27.914|
sel<2>         |y<1>           |   27.597|
sel<2>         |y<2>           |   28.029|
sel<2>         |y<3>           |   28.267|
sel<2>         |y<4>           |   28.508|
sel<2>         |y<5>           |   28.553|
sel<2>         |y<6>           |   31.380|
sel<2>         |y<7>           |   23.183|
sel<3>         |y<0>           |   27.289|
sel<3>         |y<1>           |   26.972|
sel<3>         |y<2>           |   27.404|
sel<3>         |y<3>           |   27.642|
sel<3>         |y<4>           |   27.883|
sel<3>         |y<5>           |   27.928|
sel<3>         |y<6>           |   30.755|
sel<3>         |y<7>           |   22.558|
---------------+---------------+---------+


Analysis completed Sat Apr 11 11:44:29 2015 
--------------------------------------------------------------------------------

Trace Settings:
-------------------------
Trace Settings 

Peak Memory Usage: 174 MB



